// Jest Snapshot v1, https://goo.gl/fbAQLP

exports[`<HomePage /> should render and match the snapshot 1`] = `
<div>
  <img
    alt="Stats"
    src="IMAGE_MOCK"
  />
  <span>
    Aprenda a gerenciar suas finanças de graça.
  </span>
  <button
    class="Button__StyledButton-ss41oc-0 eUuPsm"
    id="startNow"
    type="button"
  >
    <span>
      Comece agora
    </span>
  </button>
</div>
`;
